VisualStudioCodeの拡張機能の確認

npm
vetur
ESLint
Pretitier Code format
Debugger for Chrome

通常コマンド
vue-cliインストール
https://qiita.com/ITmanbow/items/9ea7d3f5a9219d760d0c
nodejsのインストール
14.15.4 LTS をダウンロード
インストールパス C:\opt\nodejs\

vue-cliのインストール
$ npm install -g @vue/cli


LaravelでVueJSを使う
検索：Laravel7からVue.jsを使う最短レシピ

php,composerが入っている状態で
Laravleインストール
composer create-project --prefer-dist laravel/laravel blog

バージョンアップのワーニング
Warning from https://repo.packagist.org: You are using an outdated version of Composer. Composer 2.0 is now available and you should upgrade. See https://getcomposer.org/2

C:\Users\toinx\Documents\php>composer self-update
Updating to version 2.0.9 (stable channel).
   Downloading (100%)
Use composer self-update --rollback to return to version 1.10.8

C:\Users\toinx\Documents\php>composer self-update --2
You are already using the latest available Composer version 2.0.9 (2.x channel).

アップデート後、再度プロジェクト作成
composer create-project --prefer-dist laravel/laravel blog

Laravelのバージョンが、８になっている。
  - Installing laravel/laravel (v8.5.9): Extracting archive

バージョンを指定してインストール
composer create-project "laravel/laravel=7.4.*" blog

この書き方ではだめ。
C:\Users\toinx\Documents\php>composer create-project "laravel/laravel=7.4.*" blog
Creating a "laravel/laravel=7.4.*" project at "./blog"


  [InvalidArgumentException]
  Could not find package laravel/laravel with version 7.4.*.

これでもダメ

C:\Users\toinx\Documents\php>composer create-project "laravel/laravel=7.4" blog
Creating a "laravel/laravel=7.4" project at "./blog"


  [InvalidArgumentException]
  Could not find package laravel/laravel with version 7.4.

サンプルで作成したLaravelプロジェクトのバージョンを確認したところ、7.12.0であったためそのバージョンを指定。
実際のプロジェクトを構築する場合は、正確にバージョンを指定する必要がある。

Laravelプロジェクトのディレクトリで、
php artisan --version

C:\Users\toinx\Documents\php>composer create-project "laravel/laravel=7.12.0" blog
Creating a "laravel/laravel=7.12.0" project at "./blog"
Installing laravel/laravel (v7.12.0)
  - Downloading laravel/laravel (v7.12.0)
  - Installing laravel/laravel (v7.12.0): Extracting archive


Package manifest generated successfully.
64 packages you are using are looking for funding.
Use the `composer fund` command to find out more!
> @php artisan key:generate --ansi
Application key set successfully.


Laravel UIのインストール

C:\Users\toinx\Documents\php>cd blog

C:\Users\toinx\Documents\php\blog>composer require laravel/ui
Using version ^3.2 for laravel/ui
./composer.json has been updated
Running composer update laravel/ui
Loading composer repositories with package information
Updating dependencies
Your requirements could not be resolved to an installable set of packages.

  Problem 1
    - laravel/ui[v3.2.0, ..., 3.x-dev] require illuminate/console ^8.0 -> found illuminate/console[v8.0.0, ..., 8.x-dev] but these were not loaded, likely because it conflicts with another require.
    - Root composer.json requires laravel/ui ^3.2 -> satisfiable by laravel/ui[v3.2.0, 3.x-dev].


Installation failed, reverting ./composer.json and ./composer.lock to their original content.


インストールできない。
エラーの対応
https://qiita.com/PWuttam/items/a29f2af2da796b2969cd


C:\Users\toinx\Documents\php\blog>composer require laravel/ui:^2.4
./composer.json has been updated
Running composer update laravel/ui
Loading composer repositories with package information
Updating dependencies
Lock file operations: 1 install, 0 updates, 0 removals
  - Locking laravel/ui (v2.4.0)
Writing lock file
Installing dependencies from lock file (including require-dev)
Package operations: 1 install, 0 updates, 0 removals
  - Downloading laravel/ui (v2.4.0)
  - Installing laravel/ui (v2.4.0): Extracting archive
Package fzaninotto/faker is abandoned, you should avoid using it. No replacement was suggested.
Package phpunit/php-token-stream is abandoned, you should avoid using it. No replacement was suggested.
Generating optimized autoload files
> Illuminate\Foundation\ComposerScripts::postAutoloadDump
> @php artisan package:discover --ansi
Discovered Package: facade/ignition
Discovered Package: fideloper/proxy
Discovered Package: fruitcake/laravel-cors
Discovered Package: laravel/tinker
Discovered Package: laravel/ui
Discovered Package: nesbot/carbon
Discovered Package: nunomaduro/collision
Package manifest generated successfully.
64 packages you are using are looking for funding.
Use the `composer fund` command to find out more!


C:\Users\toinx\Documents\php\blog>composer require laravel/ui:2.5.0
./composer.json has been updated
Running composer update laravel/ui
Loading composer repositories with package information
Updating dependencies
Lock file operations: 0 installs, 1 update, 0 removals
  - Upgrading laravel/ui (v2.0.0 => v2.5.0)
Writing lock file
Installing dependencies from lock file (including require-dev)
Package operations: 0 installs, 1 update, 0 removals
  - Downloading laravel/ui (v2.5.0)
  - Upgrading laravel/ui (v2.0.0 => v2.5.0): Extracting archive
Package fzaninotto/faker is abandoned, you should avoid using it. No replacement was suggested.
Package phpunit/php-token-stream is abandoned, you should avoid using it. No replacement was suggested.
Generating optimized autoload files
> Illuminate\Foundation\ComposerScripts::postAutoloadDump
> @php artisan package:discover --ansi
Discovered Package: facade/ignition
Discovered Package: fideloper/proxy
Discovered Package: fruitcake/laravel-cors
Discovered Package: laravel/tinker
Discovered Package: laravel/ui
Discovered Package: nesbot/carbon
Discovered Package: nunomaduro/collision
Package manifest generated successfully.
64 packages you are using are looking for funding.
Use the `composer fund` command to find out more!


Vueのscaffoldingのインストール

C:\Users\toinx\Documents\php\blog>php artisan ui vue
Vue scaffolding installed successfully.
Please run "npm install && npm run dev" to compile your fresh scaffolding.



npm install && npm run dev

 DONE  Compiled successfully in 13989ms                                                         14:01:14

       Asset      Size   Chunks             Chunk Names
/css/app.css   179 KiB  /js/app  [emitted]  /js/app
  /js/app.js  1.41 MiB  /js/app  [emitted]  /js/app
Installing shortcut: "C:\\Users\\toinx\\AppData\\Roaming\\Microsoft\\Windows\\Start Menu\\Programs\\SnoreToast\\0.7.0\\SnoreToast.lnk" "C:\\Users\\toinx\\Documents\\php\\blog\\node_modules\\node-notifier\\vendor\\snoreToast\\snoretoast-x64.exe" Snore.DesktopToasts.0.7.0
The toast encountered an error.
Please make sure that the app id is set correctly.
Command Line: C:\Users\toinx\Documents\php\blog\node_modules\node-notifier\vendor\snoreToast\snoretoast-x64.exe -pipeName \\.\pipe\notifierPipe-96ff9f0e-12d4-40b1-a67a-21802163e73e -p C:\Users\toinx\Documents\php\blog\node_modules\laravel-mix\icons\laravel.png -m "Build successful" -t "Laravel Mix"

C:\Users\toinx\Documents\php\blog>


bladeの修正


サンプルが読みにくかったので、次のチュートリアルを行うことにした。
検索：Vue.js + LaravelでシンプルなSPA

npm install
PS C:\Users\toinx\Documents\php\blog> php artisan serv
Laravel development server started: http://127.0.0.1:8000
[Tue Feb  2 15:33:51 2021] PHP 7.4.10 Development Server (http://127.0.0.1:8000) started
[Tue Feb  2 15:34:05 2021] 127.0.0.1:53163 Accepted
[Tue Feb  2 15:34:05 2021] 127.0.0.1:53164 Accepted
[Tue Feb  2 15:34:06 2021] 127.0.0.1:53163 Closing
[Tue Feb  2 15:34:06 2021] 127.0.0.1:53165 Accepted
[Tue Feb  2 15:34:06 2021] 127.0.0.1:53164 [200]: GET /favicon.ico
[Tue Feb  2 15:34:06 2021] 127.0.0.1:53164 Closing
PS C:\Users\toinx\Documents\php\blog> npm install
npm WARN optional SKIPPING OPTIONAL DEPENDENCY: fsevents@2.3.1 (node_modules\watchpack\node_modules\fsevents):
npm WARN notsup SKIPPING OPTIONAL DEPENDENCY: Unsupported platform for fsevents@2.3.1: wanted {"os":"darwin","arch":"any"} (current: {"os":"win32","arch":"x64"})
npm WARN optional SKIPPING OPTIONAL DEPENDENCY: fsevents@1.2.13 (node_modules\fsevents):
npm WARN notsup SKIPPING OPTIONAL DEPENDENCY: Unsupported platform for fsevents@1.2.13: wanted {"os":"darwin","arch":"any"} (current: {"os":"win32","arch":"x64"})

audited 1096 packages in 7.591s

50 packages are looking for funding
  run `npm fund` for details

found 2 high severity vulnerabilities
  run `npm audit fix` to fix them, or `npm audit` for details
PS C:\Users\toinx\Documents\php\blog>



PS C:\Users\toinx\Documents\php\blog> npm install --save vue-router
npm WARN optional SKIPPING OPTIONAL DEPENDENCY: fsevents@2.3.1 (node_modules\watchpack\node_modules\fsevents):
npm WARN notsup SKIPPING OPTIONAL DEPENDENCY: Unsupported platform for fsevents@2.3.1: wanted {"os":"darwin","arch":"any"} (current: {"os":"win32","arch":"x64"})
npm WARN optional SKIPPING OPTIONAL DEPENDENCY: fsevents@1.2.13 (node_modules\fsevents):
npm WARN notsup SKIPPING OPTIONAL DEPENDENCY: Unsupported platform for fsevents@1.2.13: wanted {"os":"darwin","arch":"any"} (current: {"os":"win32","arch":"x64"})

+ vue-router@3.5.1
added 1 package from 1 contributor and audited 1101 packages in 7.353s

50 packages are looking for funding
  run `npm fund` for details

found 2 high severity vulnerabilities
  run `npm audit fix` to fix them, or `npm audit` for details
PS C:\Users\toinx\Documents\php\blog>


npm run dev

PS C:\Users\toinx\Documents\php\blog> npm run dev

> @ dev C:\Users\toinx\Documents\php\blog
> npm run development


> @ development C:\Users\toinx\Documents\php\blog
> cross-env NODE_ENV=development node_modules/webpack/bin/webpack.js --progress --hide-modules --config=node_modules/laravel-mix/setup/webpack.config.js

98% after emitting SizeLimitsPlugin

 DONE  Compiled successfully in 12092ms                                                                                15:41:45
       Asset      Size   Chunks             Chunk Names
/css/app.css   179 KiB  /js/app  [emitted]  /js/app
  /js/app.js  1.41 MiB  /js/app  [emitted]  /js/app
Notifications are disabled
Reason: DisabledForUser Please make sure that the app id is set correctly.
Command Line: C:\Users\toinx\Documents\php\blog\node_modules\node-notifier\vendor\snoreToast\snoretoast-x64.exe -pipeName \\.\pipe\notifierPipe-c05ead2b-fda4-46d2-ac54-e7d82d072202 -p C:\Users\toinx\Documents\php\blog\node_modules\laravel-mix\icons\laravel.png -m "Build successful" -t "Laravel Mix"
PS C:\Users\toinx\Documents\php\blog>


app.blade.phpの追加
example-componentの表示ー＞成功


HeaderComponentの追加

npm run dev でエラー
PS C:\Users\toinx\Documents\php\blog> npm run dev

> @ dev C:\Users\toinx\Documents\php\blog
> npm run development


> @ development C:\Users\toinx\Documents\php\blog
> cross-env NODE_ENV=development node_modules/webpack/bin/webpack.js --progress --hide-modules --config=node_modules/laravel-mix/setup/webpack.config.js

98% after emitting SizeLimitsPlugin

 ERROR  Failed to compile with 1 errors                                                                                17:20:04
This relative module was not found:

* ./components/HeaderComponent in ./resources/js/app.js
       Asset      Size   Chunks             Chunk Names
/css/app.css   179 KiB  /js/app  [emitted]  /js/app
  /js/app.js  1.41 MiB  /js/app  [emitted]  /js/app

ERROR in ./resources/js/app.js
Module not found: Error: Can't resolve './components/HeaderComponent' in 'C:\Users\toinx\Documents\php\blog\resources\js'      
 @ ./resources/js/app.js 1:0-59 22:34-49
 @ multi ./resources/js/app.js ./resources/sass/app.scss
Notifications are disabled
Reason: DisabledForUser Please make sure that the app id is set correctly.
Command Line: C:\Users\toinx\Documents\php\blog\node_modules\node-notifier\vendor\snoreToast\snoretoast-x64.exe -pipeName \\.\pipe\notifierPipe-9f205d47-f150-4381-8cf2-91bec4a45a04 -p C:\Users\toinx\Documents\php\blog\node_modules\laravel-mix\icons\laravel.png -m "Error: C:\Users\toinx\Documents\php\blog\resources\js\app.js
Error: Can't resolve './components/HeaderComponent' in 'C:\Users\toinx\Documents\php\blog\resources\js'" -t "Laravel Mix"
npm ERR! code ELIFECYCLE
npm ERR! errno 2
npm ERR! @ development: `cross-env NODE_ENV=development node_modules/webpack/bin/webpack.js --progress --hide-modules --config=node_modules/laravel-mix/setup/webpack.config.js`
npm ERR! Exit status 2
npm ERR!
npm ERR! Failed at the @ development script.
npm ERR! This is probably not a problem with npm. There is likely additional logging output above.

npm ERR! A complete log of this run can be found in:
npm ERR!     C:\Users\toinx\AppData\Roaming\npm-cache\_logs\2021-02-02T08_20_05_009Z-debug.log
npm ERR! code ELIFECYCLE
npm ERR! errno 2
npm ERR! @ dev: `npm run development`
npm ERR! Exit status 2
npm ERR!
npm ERR! Failed at the @ dev script.
npm ERR! This is probably not a problem with npm. There is likely additional logging output above.

npm ERR! A complete log of this run can be found in:
npm ERR!     C:\Users\toinx\AppData\Roaming\npm-cache\_logs\2021-02-02T08_20_05_097Z-debug.log
PS C:\Users\toinx\Documents\php\blog>


ログファイルの中身
0 info it worked if it ends with ok
1 verbose cli [
1 verbose cli   'C:\\opt\\nodejs\\node.exe',
1 verbose cli   'C:\\opt\\nodejs\\node_modules\\npm\\bin\\npm-cli.js',
1 verbose cli   'run',
1 verbose cli   'development'
1 verbose cli ]
2 info using npm@6.14.10
3 info using node@v14.15.4
4 verbose run-script [ 'predevelopment', 'development', 'postdevelopment' ]
5 info lifecycle @~predevelopment: @
6 info lifecycle @~development: @
7 verbose lifecycle @~development: unsafe-perm in lifecycle true
8 verbose lifecycle @~development: PATH: C:\opt\nodejs\node_modules\npm\node_modules\npm-lifecycle\node-gyp-bin;C:\Users\toinx\Documents\php\blog\node_modules\.bin;C:\opt\nodejs\node_modules\npm\node_modules\npm-lifecycle\node-gyp-bin;C:\Users\toinx\Documents\php\blog\node_modules\.bin;C:\Python38\Scripts\;C:\Python38\;C:\Users\toinx\AppData\Local\Programs\Python\Python38\Scripts\;C:\Users\toinx\AppData\Local\Programs\Python\Python38\;C:\WINDOWS;C:\Windows\system32;C:\opt\OpenSSL-Win64\bin;C:\Windows\System32\Wbem;C:\WINDOWS\System32\WindowsPowerShell\v1.0\;C:\WINDOWS\System32\OpenSSH\;C:\WINDOWS\system32\config\systemprofile\.dnx\bin;C:\Program Files\Dell\DW WLAN Card;C:\Program Files\Intel\iCLS Client\;C:\Program Files\WIDCOMM\Bluetooth Software\;C:\Program Files\WIDCOMM\Bluetooth Software\syswow64;C:\Program Files (x86)\NVIDIA Corporation\PhysX\Common;C:\Program Files (x86)\Microsoft SQL Server\130\Tools\Binn\;C:\Program Files\Microsoft SQL Server\130\Tools\Binn\;C:\Program Files (x86)\Microsoft SQL Server\130\DTS\Binn\;C:\Program Files\Microsoft SQL Server\130\DTS\Binn\;C:\Program Files\Microsoft SQL Server\Client SDK\ODBC\130\Tools\Binn\;C:\Program Files\Microsoft DNX\Dnvm\;C:\Program Files\dotnet\;C:\Program Files\Microsoft SQL Server\Client SDK\ODBC\170\Tools\Binn\;C:\Program Files (x86)\Microsoft SQL Server\150\DTS\Binn\;C:\Program Files\NVIDIA Corporation\NVIDIA NvDLISR;C:\Program Files (x86)\Calibre2\;C:\Program Files (x86)\Intel\Intel(R) Management Engine Components\DAL;C:\Program Files\Intel\Intel(R) Management Engine Components\DAL;C:\Program Files\TortoiseSVN\bin;C:\opt\TortoiseGit\bin;C:\ProgramData\chocolatey\bin;C:\opt\Git\cmd;C:\ProgramData\ComposerSetup\bin;C:\Program Files (x86)\Common Files\Intel\Shared Libraries\redist\intel64\compiler;C:\opt\java\jdk\1.8.0_261\bin;C:\opt\php\7.4.10;C:\opt\SeleniumDrivers;C:\Program Files\Docker\Docker\resources\bin;C:\ProgramData\DockerDesktop\version-bin;C:\opt\nodejs\;C:\Users\toinx\AppData\Local\Microsoft\WindowsApps;C:\opt\Microsoft\VSCode\bin;C:\opt\php\7.4.6;C:\opt\php\composer;C:\Users\toinx\AppData\Roaming\Composer\vendor\bin;C:\Users\toinx\.dotnet\tools;C:\Users\toinx\AppData\Roaming\npm
9 verbose lifecycle @~development: CWD: C:\Users\toinx\Documents\php\blog
10 silly lifecycle @~development: Args: [
10 silly lifecycle   '/d /s /c',
10 silly lifecycle   'cross-env NODE_ENV=development node_modules/webpack/bin/webpack.js --progress --hide-modules --config=node_modules/laravel-mix/setup/webpack.config.js'
10 silly lifecycle ]
11 silly lifecycle @~development: Returned: code: 2  signal: null
12 info lifecycle @~development: Failed to exec development script
13 verbose stack Error: @ development: `cross-env NODE_ENV=development node_modules/webpack/bin/webpack.js --progress --hide-modules --config=node_modules/laravel-mix/setup/webpack.config.js`
13 verbose stack Exit status 2
13 verbose stack     at EventEmitter.<anonymous> (C:\opt\nodejs\node_modules\npm\node_modules\npm-lifecycle\index.js:332:16)
13 verbose stack     at EventEmitter.emit (events.js:315:20)
13 verbose stack     at ChildProcess.<anonymous> (C:\opt\nodejs\node_modules\npm\node_modules\npm-lifecycle\lib\spawn.js:55:14)
13 verbose stack     at ChildProcess.emit (events.js:315:20)
13 verbose stack     at maybeClose (internal/child_process.js:1048:16)
13 verbose stack     at Process.ChildProcess._handle.onexit (internal/child_process.js:288:5)
14 verbose pkgid @
15 verbose cwd C:\Users\toinx\Documents\php\blog
16 verbose Windows_NT 10.0.18363
17 verbose argv "C:\\opt\\nodejs\\node.exe" "C:\\opt\\nodejs\\node_modules\\npm\\bin\\npm-cli.js" "run" "development"
18 verbose node v14.15.4
19 verbose npm  v6.14.10
20 error code ELIFECYCLE
21 error errno 2
22 error @ development: `cross-env NODE_ENV=development node_modules/webpack/bin/webpack.js --progress --hide-modules --config=node_modules/laravel-mix/setup/webpack.config.js`
22 error Exit status 2
23 error Failed at the @ development script.
23 error This is probably not a problem with npm. There is likely additional logging output above.
24 verbose exit [ 2, true ]


フレームワーク内部でエラーが出ているようだ。

